✔ wrong task identity is rejected, corrected result writes atomically, old task stays rejected (8.410299ms)
✔ assertion counts require executed test IDs; mixed hook failure stays distinct (1.12068ms)
✔ assigned request refuses symlinks, excessive bytes and wrong result path (6.584132ms)
✔ unknown fields, versions, accessor data and unsafe counts fail without coercion (1.151137ms)
✔ encoding budget rejects escaped errors before replacing an existing good record (5.833092ms)
✔ shared wire ceilings accept their boundary and reject one extra byte or failure (7.306068ms)
✔ failure accessors, custom iteration and proxy traps are rejected without invoking code (1.43172ms)
✔ null-prototype protocol records are accepted and custom prototypes remain rejected (0.980789ms)
✔ proxy failure arrays cannot execute prototype traps during validation (0.995326ms)
✖ task and failed-test identities reject empty or NUL data while empty messages remain valid (1.985965ms)
✔ required protocol fields must be own data and cannot invoke inherited getters (0.983755ms)
ℹ tests 11
ℹ suites 0
ℹ pass 10
ℹ fail 1
ℹ cancelled 0
ℹ skipped 0
ℹ todo 0
ℹ duration_ms 289.671315

✖ failing tests:

test at tests/corrected.test.ts:169:1
✖ task and failed-test identities reject empty or NUL data while empty messages remain valid (1.985965ms)
  AssertionError [ERR_ASSERTION]: Missing expected exception.
      at file:///tmp/archguard-quality-product-self-counterexamples-own-data/01fa64540b5bce9de9a5efdd2eb8e152f202662832d980f76641821c57202607/tests/corrected.test.ts:173:14
      at withDirectory (file:///tmp/archguard-quality-product-self-counterexamples-own-data/01fa64540b5bce9de9a5efdd2eb8e152f202662832d980f76641821c57202607/tests/corrected.test.ts:27:9)
      at TestContext.<anonymous> (file:///tmp/archguard-quality-product-self-counterexamples-own-data/01fa64540b5bce9de9a5efdd2eb8e152f202662832d980f76641821c57202607/tests/corrected.test.ts:169:106)
      at Test.runInAsyncScope (node:async_hooks:227:14)
      at Test.run (node:internal/test_runner/test:1402:25)
      at Test.processPendingSubtests (node:internal/test_runner/test:974:18)
      at Test.postRun (node:internal/test_runner/test:1542:19)
      at Test.run (node:internal/test_runner/test:1467:12)
      at async Test.processPendingSubtests (node:internal/test_runner/test:974:7) {
    generatedMessage: false,
    code: 'ERR_ASSERTION',
    actual: undefined,
    expected: /bounded well-formed string/,
    operator: 'throws',
    diff: 'simple'
  }
