   Compiling archguard v0.1.0 (/tmp/archguard-quality-product-cli-reviewed-worktree)
    Finished `test` profile [unoptimized] target(s) in 12.86s
     Running unittests src/lib.rs (target/debug/deps/archguard-6351471cfd0e4b88)

running 15 tests
test subprocess::tests::cancellation_before_spawn_has_no_filesystem_effects ... ok
test subprocess::tests::cancellation_after_spawn_reaps_the_command ... ok
test subprocess::tests::auto_reap_dispositions_are_rejected_before_spawn ... ok
test subprocess::tests::monitor_failure_stops_the_command_without_becoming_success ... ok
test subprocess::tests::independently_owned_commands_apply_current_resource_limits ... ok
test subprocess::tests::raw_transport_closes_stdin_after_complete_delivery ... ok
test subprocess::tests::raw_transport_preserves_nonzero_status_and_both_streams ... ok
test subprocess::tests::stream_limits_stop_commands_and_keep_only_bounded_bytes ... ok
test subprocess::tests::escaped_descendant_pipes_produce_bounded_cleanup_failure ... ok
test subprocess::unix::ownership_tests::lost_child_ownership_suppresses_finish_and_drop_signals ... ok
test subprocess::tests::unread_stdin_deadline_does_not_leave_a_writer_thread ... ok
test subprocess::unix::ownership_tests::vanished_proc_descriptor_does_not_make_group_cleanup_uncertain ... ok
test subprocess::unix::ownership_tests::persistent_or_uncertain_group_observation_fails_closed ... ok
test subprocess::unix::ownership_tests::delayed_group_observation_keeps_ownership_until_cleanup_settles ... ok
test subprocess::tests::child_file_limit_restricts_generated_bytes ... ok

test result: ok. 15 passed; 0 failed; 0 ignored; 0 measured; 27 filtered out; finished in 1.20s

