   Compiling archguard v0.1.0 (/tmp/archguard-quality-product-syntax-worktree)
    Finished `test` profile [unoptimized + debuginfo] target(s) in 1m 24s
     Running tests/quality_syntax.rs (/home/dev/.t3/worktrees/irudd-ts/t3code-dcd18ca5/target/debug/deps/quality_syntax-9586c9fdf80caaf0)

running 31 tests
test ambient_declarations_are_excluded_while_runtime_namespace_initializers_remain_present ... ok
test binding_relationships_renames_shadowing_and_captures_are_distinct ... ok
test aggregate_reports_omit_evidence_before_collection_and_keep_json_valid ... ok
test called_operations_operators_order_and_optional_slots_are_preserved ... ok
test comparison_counts_and_resource_limits_preserve_partial_results ... ok
test computed_property_keys_retain_runtime_mutations_while_static_keys_do_not ... ok
test configured_threshold_selects_unique_subtree_set_similarity ... ok
test computed_call_names_preserve_literal_descendants_in_both_property_modes ... ok
test discovery_parse_failure_correction_and_source_preservation_are_explicit ... ok
test conservative_fallback_keeps_jsx_regex_and_unsupported_nodes_exact ... ok
test exact_utf8_crlf_edits_stale_inputs_and_syntax_classification_have_controls ... ok
test final_plan_discovery_detects_added_sources_and_ignores_excluded_changes ... ok
test guards_are_typed_incomplete_and_a_longer_comparison_edit_is_not_invalid_syntax ... ok
test mutation_count_and_byte_limits_keep_distinct_problem_categories ... ok
test mutation_sites_are_runtime_only_exact_and_cover_every_operator_group ... ok
test dogfood_existing_sdk_and_ts_examples_with_explicit_scope ... ok
test parallel_batches_produce_the_same_order_and_facts_as_one_worker ... ok
test property_and_literal_modes_have_explicit_controls ... ok
test prototype_setters_remain_distinct_from_shorthand_and_computed_data_properties ... ok
test recursive_operator_guard_handles_punctuation_and_keyword_chains ... ok
test selected_directory_links_do_not_claim_complete_descendant_coverage ... ok
test selected_links_are_incomplete_and_cache_links_never_replace_input ... ok
test prospective_cache_paths_cannot_create_typescript_sources ... ok
test selection_excludes_callbacks_overloads_and_nested_candidates ... ok
test candidate_limits_apply_before_size_filters_and_recovered_cache_trees_are_validated ... ok
test shorthand_and_expanded_properties_preserve_keys_and_binding_relationships ... ok
test strict_dryer_configuration_and_bounded_names_remain_correctable ... ok
test truncated_display_names_do_not_change_exact_internal_operation_keys ... ok
test cache_validates_bytes_discovery_options_corruption_and_source_destination ... ok

running 1 test
test source_and_cache_open_races_reject_fifo_replacements ... ok

test result: ok. 1 passed; 0 failed; 0 ignored; 0 measured; 30 filtered out; finished in 0.05s

test selected_source_byte_file_node_and_encoding_failures_are_correctable ... ok

running 1 test
test source_and_cache_open_races_reject_fifo_replacements ... ok

test result: ok. 1 passed; 0 failed; 0 ignored; 0 measured; 30 filtered out; finished in 0.04s


running 1 test
test source_and_cache_open_races_reject_fifo_replacements ... ok

test result: ok. 1 passed; 0 failed; 0 ignored; 0 measured; 30 filtered out; finished in 0.12s


running 1 test
test source_and_cache_open_races_reject_fifo_replacements ... ok

test result: ok. 1 passed; 0 failed; 0 ignored; 0 measured; 30 filtered out; finished in 0.02s


running 1 test
test source_and_cache_open_races_reject_fifo_replacements ... ok

test result: ok. 1 passed; 0 failed; 0 ignored; 0 measured; 30 filtered out; finished in 6.02s

test source_and_cache_open_races_reject_fifo_replacements ... ok

test result: ok. 31 passed; 0 failed; 0 ignored; 0 measured; 0 filtered out; finished in 15.36s

