   Compiling proc-macro2 v1.0.107
   Compiling quote v1.0.47
   Compiling serde_core v1.0.229
    Checking allocator-api2 v0.2.21
    Checking cfg-if v1.0.5
    Checking stable_deref_trait v1.2.1
   Compiling serde v1.0.229
    Checking memchr v2.8.3
   Compiling rustversion v1.0.23
    Checking itoa v1.0.18
   Compiling zmij v1.0.23
   Compiling syn v3.0.6
    Checking hashbrown v0.17.1
    Checking writeable v0.6.4
   Compiling syn v2.0.119
   Compiling synstructure v0.14.0
   Compiling zerofrom-derive v0.1.8
   Compiling yoke-derive v0.8.4
   Compiling serde_derive v1.0.229
   Compiling zerovec-derive v0.11.6
    Checking zerofrom v0.1.8
    Checking yoke v0.8.3
   Compiling displaydoc v0.2.7
    Checking castaway v0.2.4
   Compiling icu_locale_fallback_data v2.3.0
   Compiling autocfg v1.5.1
    Checking litemap v0.8.3
    Checking rustc-hash v2.1.3
   Compiling libc v0.2.189
    Checking static_assertions v1.1.0
    Checking zerotrie v0.2.5
    Checking compact_str v0.10.0
   Compiling num-traits v0.2.19
    Checking zerovec v0.11.8
   Compiling icu_segmenter_data v2.3.0
    Checking bitflags v2.13.2
    Checking tinystr v0.8.4
    Checking potential_utf v0.1.6
    Checking icu_locale_core v2.3.0
    Checking oxc_data_structures v0.152.0
    Checking oxc_allocator v0.152.0
    Checking icu_provider v2.3.1
   Compiling phf v0.14.0
   Compiling fastrand v2.5.0
    Checking oxc_estree v0.152.0
    Checking utf8_iter v1.0.4
    Checking oxc_str v0.152.0
    Checking icu_collections v2.3.0
   Compiling phf_generator v0.14.0
    Checking icu_locale_fallback v2.3.0
   Compiling oxc_ast_macros v0.152.0
    Checking siphasher v1.0.4
   Compiling phf_macros v0.14.0
    Checking phf_shared v0.14.0
    Checking cow-utils v0.1.3
    Checking unicode-width v0.2.2
    Checking smallvec v1.16.2
    Checking oxc_span v0.152.0
    Checking smawk v0.3.3
    Checking percent-encoding v2.3.2
    Checking icu_segmenter v2.3.0
   Compiling dragonbox_ecma v0.1.12
    Checking bytecount v0.6.9
    Checking unicode-id-start v1.5.0
   Compiling crossbeam-utils v0.8.23
    Checking unicode-segmentation v1.13.3
    Checking nonmax v0.5.5
    Checking equivalent v1.0.2
    Checking oxc_index v5.0.0
    Checking foldhash v0.2.0
    Checking once_cell v1.21.4
    Checking typenum v1.20.1
    Checking hashbrown v0.16.1
    Checking textwrap v0.16.4
    Checking oxc_syntax v0.152.0
    Checking num-integer v0.1.47
    Checking oxc_diagnostics v0.152.0
   Compiling parking_lot_core v0.9.12
    Checking hybrid-array v0.4.15
   Compiling crossbeam-epoch v0.9.21
    Checking utf8parse v0.2.2
   Compiling rustix v1.1.5
    Checking oxc_regular_expression v0.152.0
    Checking anstyle-parse v1.0.0
    Checking num-bigint v0.5.1
    Checking halfbrown v0.4.0
    Checking float-cmp v0.10.0
    Checking errno v0.3.14
    Checking aho-corasick v1.1.5
    Checking is_terminal_polyfill v1.70.2
    Checking scopeguard v1.2.0
   Compiling cfg_aliases v0.2.2
   Compiling serde_json v1.0.151
    Checking unicode-ident v1.0.26
   Compiling thiserror v2.0.21
    Checking anstyle-query v1.1.5
    Checking regex-syntax v0.8.11
    Checking colorchoice v1.0.5
   Compiling crossbeam-deque v0.8.8
    Checking oxc_ast v0.152.0
    Checking ryu v1.0.23
    Checking anstyle v1.0.14
    Checking anstream v1.0.0
    Checking value-trait v0.12.2
    Checking regex-automata v0.4.18
   Compiling nix v0.30.1
    Checking lock_api v0.4.14
    Checking block-buffer v0.12.1
    Checking crypto-common v0.2.2
    Checking tracing-core v0.1.36
    Checking indexmap v2.14.2
   Compiling tracing-attributes v0.1.31
   Compiling thiserror-impl v2.0.21
    Checking bstr v1.13.1
    Checking same-file v1.0.6
    Checking arrayvec v0.7.8
    Checking self_cell v1.3.0
    Checking hashbrown v0.14.5
   Compiling anyhow v1.0.104
    Checking pin-project-lite v0.2.17
    Checking clap_lex v1.1.1
    Checking const-oid v0.10.2
   Compiling heck v0.5.0
    Checking simdutf8 v0.1.5
    Checking log v0.4.34
    Checking either v1.18.0
    Checking strsim v0.11.1
    Checking globset v0.4.20
    Checking itertools v0.15.0
    Checking clap_builder v4.6.7
    Checking simd-json v0.18.1
   Compiling clap_derive v4.6.7
    Checking digest v0.11.3
    Checking tracing v0.1.44
    Checking dashmap v6.2.1
    Checking fast-glob v1.1.2
    Checking walkdir v2.5.0
    Checking cpufeatures v0.3.1
    Checking json-strip-comments v3.1.2
    Checking nodejs-built-in-modules v1.0.0
   Compiling seq-macro v0.3.6
   Compiling getrandom v0.4.3
    Checking oxc_resolver v11.24.3
    Checking sha2 v0.11.0
    Checking clap v4.6.7
    Checking ignore v0.4.33
    Checking tempfile v3.27.0
    Checking oxc_ecmascript v0.152.0
    Checking oxc_ast_visit v0.152.0
    Checking oxc_parser v0.152.0
    Checking oxc_semantic v0.152.0
    Checking archguard v0.1.0 (/tmp/archguard-quality-product-cli-reviewed-worktree)
    Finished `dev` profile [unoptimized + debuginfo] target(s) in 1m 05s
