    Updating crates.io index
 Downloading crates ...
  Downloaded crossbeam-epoch v0.9.21
  Downloaded autocfg v1.5.1
  Downloaded anstyle-parse v1.0.0
  Downloaded oxc_data_structures v0.152.0
  Downloaded float-cmp v0.10.0
  Downloaded errno v0.3.14
  Downloaded const-oid v0.10.2
  Downloaded same-file v1.0.6
  Downloaded seq-macro v0.3.6
  Downloaded heck v0.5.0
  Downloaded scopeguard v1.2.0
  Downloaded percent-encoding v2.3.2
  Downloaded digest v0.11.3
  Downloaded pin-project-lite v0.2.17
  Downloaded icu_locale_fallback v2.3.0
  Downloaded globset v0.4.20
  Downloaded foldhash v0.2.0
  Downloaded either v1.18.0
  Downloaded phf_shared v0.14.0
  Downloaded phf_macros v0.14.0
  Downloaded phf_generator v0.14.0
  Downloaded oxc_span v0.152.0
  Downloaded oxc_ast_macros v0.152.0
  Downloaded num-integer v0.1.47
  Downloaded num-bigint v0.5.1
  Downloaded lock_api v0.4.14
  Downloaded litemap v0.8.3
  Downloaded dashmap v6.2.1
  Downloaded nodejs-built-in-modules v1.0.0
  Downloaded icu_locale_fallback_data v2.3.0
  Downloaded json-strip-comments v3.1.2
  Downloaded rustc-hash v2.1.3
  Downloaded proc-macro2 v1.0.107
  Downloaded potential_utf v0.1.6
  Downloaded phf v0.14.0
  Downloaded nonmax v0.5.5
  Downloaded is_terminal_polyfill v1.70.2
  Downloaded halfbrown v0.4.0
  Downloaded getrandom v0.4.3
  Downloaded equivalent v1.0.2
  Downloaded dragonbox_ecma v0.1.12
  Downloaded crossbeam-deque v0.8.8
  Downloaded clap_derive v4.6.7
  Downloaded bytecount v0.6.9
  Downloaded bitflags v2.13.2
  Downloaded parking_lot_core v0.9.12
  Downloaded zerofrom-derive v0.1.8
  Downloaded oxc_ecmascript v0.152.0
  Downloaded oxc_regular_expression v0.152.0
  Downloaded oxc_resolver v11.24.3
  Downloaded oxc_semantic v0.152.0
  Downloaded self_cell v1.3.0
  Downloaded hashbrown v0.17.1
  Downloaded oxc_allocator v0.152.0
  Downloaded utf8_iter v1.0.4
  Downloaded oxc_parser v0.152.0
  Downloaded utf8parse v0.2.2
  Downloaded oxc_ast v0.152.0
  Downloaded zerofrom v0.1.8
  Downloaded bstr v1.13.1
  Downloaded siphasher v1.0.4
  Downloaded nix v0.30.1
  Downloaded strsim v0.11.1
  Downloaded itertools v0.15.0
  Downloaded hashbrown v0.16.1
  Downloaded hashbrown v0.14.5
  Downloaded yoke-derive v0.8.4
  Downloaded static_assertions v1.1.0
  Downloaded indexmap v2.14.2
  Downloaded rustversion v1.0.23
  Downloaded memchr v2.8.3
  Downloaded oxc_ast_visit v0.152.0
  Downloaded smawk v0.3.3
  Downloaded simdutf8 v0.1.5
  Downloaded ignore v0.4.33
  Downloaded icu_collections v2.3.0
  Downloaded walkdir v2.5.0
  Downloaded thiserror v2.0.21
  Downloaded zmij v1.0.23
  Downloaded zerovec-derive v0.11.6
  Downloaded value-trait v0.12.2
  Downloaded writeable v0.6.4
  Downloaded tinystr v0.8.4
  Downloaded thiserror-impl v2.0.21
  Downloaded synstructure v0.14.0
  Downloaded num-traits v0.2.19
  Downloaded icu_provider v2.3.1
  Downloaded icu_locale_core v2.3.0
  Downloaded sha2 v0.11.0
  Downloaded smallvec v1.16.2
  Downloaded libc v0.2.189
  Downloaded yoke v0.8.3
  Downloaded unicode-id-start v1.5.0
  Downloaded tracing-core v0.1.36
  Downloaded tracing-attributes v0.1.31
  Downloaded textwrap v0.16.4
  Downloaded tempfile v3.27.0
  Downloaded serde_core v1.0.229
  Downloaded ryu v1.0.23
  Downloaded unicode-ident v1.0.26
  Downloaded serde_derive v1.0.229
  Downloaded hybrid-array v0.4.15
  Downloaded crossbeam-utils v0.8.23
  Downloaded clap_builder v4.6.7
  Downloaded serde v1.0.229
  Downloaded stable_deref_trait v1.2.1
  Downloaded quote v1.0.47
  Downloaded oxc_str v0.152.0
  Downloaded oxc_index v5.0.0
  Downloaded zerotrie v0.2.5
  Downloaded typenum v1.20.1
  Downloaded unicode-segmentation v1.13.3
  Downloaded oxc_estree v0.152.0
  Downloaded oxc_diagnostics v0.152.0
  Downloaded once_cell v1.21.4
  Downloaded anstyle v1.0.14
  Downloaded oxc_syntax v0.152.0
  Downloaded log v0.4.34
  Downloaded itoa v1.0.18
  Downloaded fast-glob v1.1.2
  Downloaded compact_str v0.10.0
  Downloaded zerovec v0.11.8
  Downloaded clap_lex v1.1.1
  Downloaded arrayvec v0.7.8
  Downloaded aho-corasick v1.1.5
  Downloaded syn v3.0.6
  Downloaded serde_json v1.0.151
  Downloaded simd-json v0.18.1
  Downloaded fastrand v2.5.0
  Downloaded displaydoc v0.2.7
  Downloaded crypto-common v0.2.2
  Downloaded cpufeatures v0.3.1
  Downloaded colorchoice v1.0.5
  Downloaded cfg-if v1.0.5
  Downloaded castaway v0.2.4
  Downloaded anyhow v1.0.104
  Downloaded cow-utils v0.1.3
  Downloaded cfg_aliases v0.2.2
  Downloaded block-buffer v0.12.1
  Downloaded anstream v1.0.0
  Downloaded allocator-api2 v0.2.21
  Downloaded anstyle-query v1.1.5
  Downloaded clap v4.6.7
  Downloaded unicode-width v0.2.2
  Downloaded syn v2.0.119
  Downloaded linux-raw-sys v0.12.1
  Downloaded regex-syntax v0.8.11
  Downloaded rustix v1.1.5
  Downloaded icu_segmenter_data v2.3.0
  Downloaded tracing v0.1.44
  Downloaded regex-automata v0.4.18
  Downloaded icu_segmenter v2.3.0
   Compiling proc-macro2 v1.0.107
   Compiling unicode-ident v1.0.26
   Compiling quote v1.0.47
   Compiling serde_core v1.0.229
   Compiling allocator-api2 v0.2.21
   Compiling syn v3.0.6
   Compiling cfg-if v1.0.5
   Compiling serde v1.0.229
   Compiling stable_deref_trait v1.2.1
   Compiling memchr v2.8.3
   Compiling synstructure v0.14.0
   Compiling rustversion v1.0.23
   Compiling zmij v1.0.23
   Compiling itoa v1.0.18
   Compiling siphasher v1.0.4
   Compiling phf_shared v0.14.0
   Compiling hashbrown v0.17.1
   Compiling zerofrom-derive v0.1.8
   Compiling yoke-derive v0.8.4
   Compiling zerofrom v0.1.8
   Compiling zerovec-derive v0.11.6
   Compiling yoke v0.8.3
   Compiling serde_derive v1.0.229
   Compiling zerovec v0.11.8
   Compiling displaydoc v0.2.7
   Compiling writeable v0.6.4
   Compiling castaway v0.2.4
   Compiling tinystr v0.8.4
   Compiling smallvec v1.16.2
   Compiling syn v2.0.119
   Compiling static_assertions v1.1.0
   Compiling rustc-hash v2.1.3
   Compiling autocfg v1.5.1
   Compiling icu_locale_fallback_data v2.3.0
   Compiling litemap v0.8.3
   Compiling icu_locale_core v2.3.0
   Compiling num-traits v0.2.19
   Compiling compact_str v0.10.0
   Compiling potential_utf v0.1.6
   Compiling zerotrie v0.2.5
   Compiling bitflags v2.13.2
   Compiling icu_segmenter_data v2.3.0
   Compiling oxc_data_structures v0.152.0
   Compiling icu_provider v2.3.1
   Compiling oxc_allocator v0.152.0
   Compiling phf v0.14.0
   Compiling libc v0.2.189
   Compiling oxc_estree v0.152.0
   Compiling utf8_iter v1.0.4
   Compiling fastrand v2.5.0
   Compiling phf_generator v0.14.0
   Compiling icu_collections v2.3.0
   Compiling oxc_str v0.152.0
   Compiling oxc_ast_macros v0.152.0
   Compiling icu_locale_fallback v2.3.0
   Compiling icu_segmenter v2.3.0
   Compiling oxc_span v0.152.0
   Compiling phf_macros v0.14.0
   Compiling smawk v0.3.3
   Compiling dragonbox_ecma v0.1.12
   Compiling cow-utils v0.1.3
   Compiling percent-encoding v2.3.2
   Compiling unicode-width v0.2.2
   Compiling textwrap v0.16.4
   Compiling unicode-segmentation v1.13.3
   Compiling equivalent v1.0.2
   Compiling unicode-id-start v1.5.0
   Compiling nonmax v0.5.5
   Compiling bytecount v0.6.9
   Compiling crossbeam-utils v0.8.23
   Compiling oxc_diagnostics v0.152.0
   Compiling oxc_index v5.0.0
   Compiling oxc_syntax v0.152.0
   Compiling oxc_regular_expression v0.152.0
   Compiling typenum v1.20.1
   Compiling foldhash v0.2.0
   Compiling once_cell v1.21.4
   Compiling hashbrown v0.16.1
   Compiling hybrid-array v0.4.15
   Compiling oxc_ast v0.152.0
   Compiling num-integer v0.1.47
   Compiling utf8parse v0.2.2
   Compiling parking_lot_core v0.9.12
   Compiling crossbeam-epoch v0.9.21
   Compiling rustix v1.1.5
   Compiling anstyle-parse v1.0.0
   Compiling num-bigint v0.5.1
   Compiling halfbrown v0.4.0
   Compiling float-cmp v0.10.0
   Compiling aho-corasick v1.1.5
   Compiling is_terminal_polyfill v1.70.2
   Compiling cfg_aliases v0.2.2
   Compiling ryu v1.0.23
   Compiling thiserror v2.0.21
   Compiling anstyle v1.0.14
   Compiling crossbeam-deque v0.8.8
   Compiling serde_json v1.0.151
   Compiling colorchoice v1.0.5
   Compiling anstyle-query v1.1.5
   Compiling linux-raw-sys v0.12.1
   Compiling regex-syntax v0.8.11
   Compiling scopeguard v1.2.0
   Compiling lock_api v0.4.14
   Compiling regex-automata v0.4.18
   Compiling anstream v1.0.0
   Compiling value-trait v0.12.2
   Compiling nix v0.30.1
   Compiling oxc_ecmascript v0.152.0
   Compiling crypto-common v0.2.2
   Compiling block-buffer v0.12.1
   Compiling tracing-core v0.1.36
   Compiling indexmap v2.14.2
   Compiling tracing-attributes v0.1.31
   Compiling thiserror-impl v2.0.21
   Compiling bstr v1.13.1
   Compiling strsim v0.11.1
   Compiling arrayvec v0.7.8
   Compiling simdutf8 v0.1.5
   Compiling anyhow v1.0.104
   Compiling const-oid v0.10.2
   Compiling log v0.4.34
   Compiling self_cell v1.3.0
   Compiling pin-project-lite v0.2.17
   Compiling same-file v1.0.6
   Compiling hashbrown v0.14.5
   Compiling heck v0.5.0
   Compiling either v1.18.0
   Compiling clap_lex v1.1.1
   Compiling dashmap v6.2.1
   Compiling clap_builder v4.6.7
   Compiling itertools v0.15.0
   Compiling clap_derive v4.6.7
   Compiling walkdir v2.5.0
   Compiling tracing v0.1.44
   Compiling globset v0.4.20
   Compiling digest v0.11.3
   Compiling simd-json v0.18.1
   Compiling fast-glob v1.1.2
   Compiling oxc_ast_visit v0.152.0
   Compiling cpufeatures v0.3.1
   Compiling json-strip-comments v3.1.2
   Compiling getrandom v0.4.3
   Compiling nodejs-built-in-modules v1.0.0
   Compiling seq-macro v0.3.6
   Compiling oxc_parser v0.152.0
   Compiling oxc_semantic v0.152.0
   Compiling oxc_resolver v11.24.3
   Compiling sha2 v0.11.0
   Compiling ignore v0.4.33
   Compiling clap v4.6.7
   Compiling archguard v0.1.0 (/work/archguard)
   Compiling tempfile v3.27.0
    Finished `release` profile [optimized] target(s) in 1m 06s
