✔ wrong task identity is rejected, corrected result writes atomically, old task stays rejected (17.58226ms)
✔ assertion counts require executed test IDs; mixed hook failure stays distinct (1.927576ms)
✔ assigned request refuses symlinks, excessive bytes and wrong result path (6.555981ms)
✔ unknown fields, versions, accessor data and unsafe counts fail without coercion (2.207297ms)
✔ encoding budget rejects escaped errors before replacing an existing good record (11.467963ms)
✔ shared wire ceilings accept their boundary and reject one extra byte or failure (8.971957ms)
✔ failure accessors, custom iteration and proxy traps are rejected without invoking code (1.972451ms)
✔ null-prototype protocol records are accepted and custom prototypes remain rejected (0.797849ms)
✖ proxy failure arrays cannot execute prototype traps during validation (1.98881ms)
✔ task and failed-test identities reject empty or NUL data while empty messages remain valid (1.39427ms)
✔ required protocol fields must be own data and cannot invoke inherited getters (1.123485ms)
ℹ tests 11
ℹ suites 0
ℹ pass 10
ℹ fail 1
ℹ cancelled 0
ℹ skipped 0
ℹ todo 0
ℹ duration_ms 303.826091

✖ failing tests:

test at tests/corrected.test.ts:158:1
✖ proxy failure arrays cannot execute prototype traps during validation (1.98881ms)
  AssertionError [ERR_ASSERTION]: The input did not match the regular expression /bounded plain array/. Input:
  
  'Error: array proxy trap'
  
      at file:///tmp/archguard-quality-product-self-counterexamples-own-data/683249f72455ea61a5de1d8796c999f54b38146be11f2204268bd2f2878f5699/tests/corrected.test.ts:164:10
      at withDirectory (file:///tmp/archguard-quality-product-self-counterexamples-own-data/683249f72455ea61a5de1d8796c999f54b38146be11f2204268bd2f2878f5699/tests/corrected.test.ts:27:9)
      at TestContext.<anonymous> (file:///tmp/archguard-quality-product-self-counterexamples-own-data/683249f72455ea61a5de1d8796c999f54b38146be11f2204268bd2f2878f5699/tests/corrected.test.ts:158:85)
      at Test.runInAsyncScope (node:async_hooks:227:14)
      at Test.run (node:internal/test_runner/test:1402:25)
      at Test.processPendingSubtests (node:internal/test_runner/test:974:18)
      at Test.postRun (node:internal/test_runner/test:1542:19)
      at Test.run (node:internal/test_runner/test:1467:12)
      at async Test.processPendingSubtests (node:internal/test_runner/test:974:7) {
    generatedMessage: true,
    code: 'ERR_ASSERTION',
    actual: Error: array proxy trap
        at Object.getPrototypeOf (file:///tmp/archguard-quality-product-self-counterexamples-own-data/683249f72455ea61a5de1d8796c999f54b38146be11f2204268bd2f2878f5699/tests/corrected.test.ts:162:46)
        at Object.getPrototypeOf (<anonymous>)
        at array (file:///tmp/archguard-quality-product-self-counterexamples-own-data/683249f72455ea61a5de1d8796c999f54b38146be11f2204268bd2f2878f5699/sdk/mutator.ts:59:63)
        at validateMutationResult (file:///tmp/archguard-quality-product-self-counterexamples-own-data/683249f72455ea61a5de1d8796c999f54b38146be11f2204268bd2f2878f5699/sdk/mutator.ts:166:25)
        at file:///tmp/archguard-quality-product-self-counterexamples-own-data/683249f72455ea61a5de1d8796c999f54b38146be11f2204268bd2f2878f5699/tests/corrected.test.ts:164:23
        at getActual (node:assert:611:5)
        at strict.throws (node:assert:759:24)
        at file:///tmp/archguard-quality-product-self-counterexamples-own-data/683249f72455ea61a5de1d8796c999f54b38146be11f2204268bd2f2878f5699/tests/corrected.test.ts:164:10
        at withDirectory (file:///tmp/archguard-quality-product-self-counterexamples-own-data/683249f72455ea61a5de1d8796c999f54b38146be11f2204268bd2f2878f5699/tests/corrected.test.ts:27:9)
        at TestContext.<anonymous> (file:///tmp/archguard-quality-product-self-counterexamples-own-data/683249f72455ea61a5de1d8796c999f54b38146be11f2204268bd2f2878f5699/tests/corrected.test.ts:158:85),
    expected: /bounded plain array/,
    operator: 'throws',
    diff: 'simple'
  }
