{
  "status": "incomplete",
  "tool": "independent-ts-5.9.3",
  "config": {
    "minLines": 4,
    "minNodes": 20,
    "thresholds": [
      0.7,
      0.75,
      0.8,
      0.82,
      0.85,
      0.9,
      0.95
    ]
  },
  "diagnostics": [
    {
      "file": "bad.ts",
      "code": 1005,
      "message": "'}' expected.",
      "line": 2
    }
  ],
  "entries": [],
  "excluded": [],
  "pairs": [],
  "sensitivity": [
    {
      "threshold": 0.7,
      "erasedSet": 0,
      "preservedSet": 0,
      "preservedMultiset": 0,
      "preservedWeighted": 0
    },
    {
      "threshold": 0.75,
      "erasedSet": 0,
      "preservedSet": 0,
      "preservedMultiset": 0,
      "preservedWeighted": 0
    },
    {
      "threshold": 0.8,
      "erasedSet": 0,
      "preservedSet": 0,
      "preservedMultiset": 0,
      "preservedWeighted": 0
    },
    {
      "threshold": 0.82,
      "erasedSet": 0,
      "preservedSet": 0,
      "preservedMultiset": 0,
      "preservedWeighted": 0
    },
    {
      "threshold": 0.85,
      "erasedSet": 0,
      "preservedSet": 0,
      "preservedMultiset": 0,
      "preservedWeighted": 0
    },
    {
      "threshold": 0.9,
      "erasedSet": 0,
      "preservedSet": 0,
      "preservedMultiset": 0,
      "preservedWeighted": 0
    },
    {
      "threshold": 0.95,
      "erasedSet": 0,
      "preservedSet": 0,
      "preservedMultiset": 0,
      "preservedWeighted": 0
    }
  ]
}
