✔ wrong task identity is rejected, corrected result writes atomically, old task stays rejected (14.098921ms)
✔ assertion counts require executed test IDs; mixed hook failure stays distinct (0.941836ms)
✔ assigned request refuses symlinks, excessive bytes and wrong result path (4.898679ms)
✔ unknown fields, versions, accessor data and unsafe counts fail without coercion (1.312269ms)
✔ encoding budget rejects escaped errors before replacing an existing good record (6.114497ms)
✔ shared wire ceilings accept their boundary and reject one extra byte or failure (6.960505ms)
✔ failure accessors, custom iteration and proxy traps are rejected without invoking code (1.000818ms)
✖ null-prototype protocol records are accepted and custom prototypes remain rejected (0.661724ms)
✔ proxy failure arrays cannot execute prototype traps during validation (1.039929ms)
✔ task and failed-test identities reject empty or NUL data while empty messages remain valid (1.515537ms)
✔ required protocol fields must be own data and cannot invoke inherited getters (0.76566ms)
ℹ tests 11
ℹ suites 0
ℹ pass 10
ℹ fail 1
ℹ cancelled 0
ℹ skipped 0
ℹ todo 0
ℹ duration_ms 302.582612

✖ failing tests:

test at tests/corrected.test.ts:145:1
✖ null-prototype protocol records are accepted and custom prototypes remain rejected (0.661724ms)
  Error: Mutation protocol: request must contain plain data
      at invalid (file:///tmp/archguard-quality-product-self-counterexamples-own-data/0464eb79eb750628eb0dd0e244ebbe6e4eda0849c0747684a4c83b9b2bf5c7c3/sdk/mutator.ts:47:50)
      at record (file:///tmp/archguard-quality-product-self-counterexamples-own-data/0464eb79eb750628eb0dd0e244ebbe6e4eda0849c0747684a4c83b9b2bf5c7c3/sdk/mutator.ts:52:61)
      at validateMutationRequest (file:///tmp/archguard-quality-product-self-counterexamples-own-data/0464eb79eb750628eb0dd0e244ebbe6e4eda0849c0747684a4c83b9b2bf5c7c3/sdk/mutator.ts:77:19)
      at file:///tmp/archguard-quality-product-self-counterexamples-own-data/0464eb79eb750628eb0dd0e244ebbe6e4eda0849c0747684a4c83b9b2bf5c7c3/tests/corrected.test.ts:148:20
      at withDirectory (file:///tmp/archguard-quality-product-self-counterexamples-own-data/0464eb79eb750628eb0dd0e244ebbe6e4eda0849c0747684a4c83b9b2bf5c7c3/tests/corrected.test.ts:27:9)
      at TestContext.<anonymous> (file:///tmp/archguard-quality-product-self-counterexamples-own-data/0464eb79eb750628eb0dd0e244ebbe6e4eda0849c0747684a4c83b9b2bf5c7c3/tests/corrected.test.ts:145:98)
      at Test.runInAsyncScope (node:async_hooks:227:14)
      at Test.run (node:internal/test_runner/test:1402:25)
      at Test.processPendingSubtests (node:internal/test_runner/test:974:18)
      at Test.postRun (node:internal/test_runner/test:1542:19)
