{
  "status": "complete",
  "tool": "independent-ts-5.9.3",
  "config": {
    "minLines": 4,
    "minNodes": 20,
    "thresholds": [
      0.7,
      0.75,
      0.8,
      0.82,
      0.85,
      0.9,
      0.95
    ]
  },
  "diagnostics": [],
  "entries": [
    {
      "file": "A.ts",
      "name": "invoiceTotal",
      "start": 1,
      "end": 7,
      "nodes": 46
    },
    {
      "file": "A.ts",
      "name": "cartTotal",
      "start": 9,
      "end": 15,
      "nodes": 46
    },
    {
      "file": "B.ts",
      "name": "invoiceTotal",
      "start": 1,
      "end": 7,
      "nodes": 46
    },
    {
      "file": "B.ts",
      "name": "checkedInvoiceTotal",
      "start": 9,
      "end": 17,
      "nodes": 59
    },
    {
      "file": "C.ts",
      "name": "invoiceTotal",
      "start": 1,
      "end": 7,
      "nodes": 46
    },
    {
      "file": "C.ts",
      "name": "reducedInvoiceTotal",
      "start": 9,
      "end": 16,
      "nodes": 57
    },
    {
      "file": "D.ts",
      "name": "outstandingBalance",
      "start": 1,
      "end": 5,
      "nodes": 38
    },
    {
      "file": "D.ts",
      "name": "remainingBattery",
      "start": 7,
      "end": 11,
      "nodes": 38
    },
    {
      "file": "E.ts",
      "name": "loadInvoice",
      "start": 1,
      "end": 5,
      "nodes": 36
    },
    {
      "file": "E.ts",
      "name": "loadCustomer",
      "start": 7,
      "end": 11,
      "nodes": 36
    },
    {
      "file": "F.ts",
      "name": "summarizeOrders",
      "start": 1,
      "end": 45,
      "nodes": 226
    },
    {
      "file": "F.ts",
      "name": "summarizeCopiedOrders",
      "start": 47,
      "end": 91,
      "nodes": 231
    }
  ],
  "excluded": [],
  "pairs": [
    {
      "left": {
        "file": "A.ts",
        "name": "invoiceTotal",
        "start": 1,
        "end": 7,
        "nodes": 46
      },
      "right": {
        "file": "A.ts",
        "name": "cartTotal",
        "start": 9,
        "end": 15,
        "nodes": 46
      },
      "erased": {
        "set": 1,
        "multiset": 1,
        "weighted": 1
      },
      "preserved": {
        "set": 1,
        "multiset": 1,
        "weighted": 1
      }
    },
    {
      "left": {
        "file": "A.ts",
        "name": "invoiceTotal",
        "start": 1,
        "end": 7,
        "nodes": 46
      },
      "right": {
        "file": "B.ts",
        "name": "invoiceTotal",
        "start": 1,
        "end": 7,
        "nodes": 46
      },
      "erased": {
        "set": 1,
        "multiset": 1,
        "weighted": 1
      },
      "preserved": {
        "set": 1,
        "multiset": 1,
        "weighted": 1
      }
    },
    {
      "left": {
        "file": "A.ts",
        "name": "invoiceTotal",
        "start": 1,
        "end": 7,
        "nodes": 46
      },
      "right": {
        "file": "C.ts",
        "name": "invoiceTotal",
        "start": 1,
        "end": 7,
        "nodes": 46
      },
      "erased": {
        "set": 1,
        "multiset": 1,
        "weighted": 1
      },
      "preserved": {
        "set": 1,
        "multiset": 1,
        "weighted": 1
      }
    },
    {
      "left": {
        "file": "A.ts",
        "name": "cartTotal",
        "start": 9,
        "end": 15,
        "nodes": 46
      },
      "right": {
        "file": "B.ts",
        "name": "invoiceTotal",
        "start": 1,
        "end": 7,
        "nodes": 46
      },
      "erased": {
        "set": 1,
        "multiset": 1,
        "weighted": 1
      },
      "preserved": {
        "set": 1,
        "multiset": 1,
        "weighted": 1
      }
    },
    {
      "left": {
        "file": "A.ts",
        "name": "cartTotal",
        "start": 9,
        "end": 15,
        "nodes": 46
      },
      "right": {
        "file": "C.ts",
        "name": "invoiceTotal",
        "start": 1,
        "end": 7,
        "nodes": 46
      },
      "erased": {
        "set": 1,
        "multiset": 1,
        "weighted": 1
      },
      "preserved": {
        "set": 1,
        "multiset": 1,
        "weighted": 1
      }
    },
    {
      "left": {
        "file": "B.ts",
        "name": "invoiceTotal",
        "start": 1,
        "end": 7,
        "nodes": 46
      },
      "right": {
        "file": "C.ts",
        "name": "invoiceTotal",
        "start": 1,
        "end": 7,
        "nodes": 46
      },
      "erased": {
        "set": 1,
        "multiset": 1,
        "weighted": 1
      },
      "preserved": {
        "set": 1,
        "multiset": 1,
        "weighted": 1
      }
    },
    {
      "left": {
        "file": "E.ts",
        "name": "loadInvoice",
        "start": 1,
        "end": 5,
        "nodes": 36
      },
      "right": {
        "file": "E.ts",
        "name": "loadCustomer",
        "start": 7,
        "end": 11,
        "nodes": 36
      },
      "erased": {
        "set": 1,
        "multiset": 1,
        "weighted": 1
      },
      "preserved": {
        "set": 1,
        "multiset": 1,
        "weighted": 1
      }
    },
    {
      "left": {
        "file": "F.ts",
        "name": "summarizeOrders",
        "start": 1,
        "end": 45,
        "nodes": 226
      },
      "right": {
        "file": "F.ts",
        "name": "summarizeCopiedOrders",
        "start": 47,
        "end": 91,
        "nodes": 231
      },
      "erased": {
        "set": 0.8846153846153846,
        "multiset": 0.9364406779661016,
        "weighted": 0.3659090909090909
      },
      "preserved": {
        "set": 0.7361111111111112,
        "multiset": 0.842741935483871,
        "weighted": 0.33555555555555555
      }
    },
    {
      "left": {
        "file": "A.ts",
        "name": "invoiceTotal",
        "start": 1,
        "end": 7,
        "nodes": 46
      },
      "right": {
        "file": "B.ts",
        "name": "checkedInvoiceTotal",
        "start": 9,
        "end": 17,
        "nodes": 59
      },
      "erased": {
        "set": 0.6585365853658537,
        "multiset": 0.7213114754098361,
        "weighted": 0.40217391304347827
      },
      "preserved": {
        "set": 0.6818181818181818,
        "multiset": 0.7213114754098361,
        "weighted": 0.40217391304347827
      }
    },
    {
      "left": {
        "file": "A.ts",
        "name": "cartTotal",
        "start": 9,
        "end": 15,
        "nodes": 46
      },
      "right": {
        "file": "B.ts",
        "name": "checkedInvoiceTotal",
        "start": 9,
        "end": 17,
        "nodes": 59
      },
      "erased": {
        "set": 0.6585365853658537,
        "multiset": 0.7213114754098361,
        "weighted": 0.40217391304347827
      },
      "preserved": {
        "set": 0.6818181818181818,
        "multiset": 0.7213114754098361,
        "weighted": 0.40217391304347827
      }
    },
    {
      "left": {
        "file": "B.ts",
        "name": "invoiceTotal",
        "start": 1,
        "end": 7,
        "nodes": 46
      },
      "right": {
        "file": "B.ts",
        "name": "checkedInvoiceTotal",
        "start": 9,
        "end": 17,
        "nodes": 59
      },
      "erased": {
        "set": 0.6585365853658537,
        "multiset": 0.7213114754098361,
        "weighted": 0.40217391304347827
      },
      "preserved": {
        "set": 0.6818181818181818,
        "multiset": 0.7213114754098361,
        "weighted": 0.40217391304347827
      }
    },
    {
      "left": {
        "file": "B.ts",
        "name": "checkedInvoiceTotal",
        "start": 9,
        "end": 17,
        "nodes": 59
      },
      "right": {
        "file": "C.ts",
        "name": "invoiceTotal",
        "start": 1,
        "end": 7,
        "nodes": 46
      },
      "erased": {
        "set": 0.6585365853658537,
        "multiset": 0.7213114754098361,
        "weighted": 0.40217391304347827
      },
      "preserved": {
        "set": 0.6818181818181818,
        "multiset": 0.7213114754098361,
        "weighted": 0.40217391304347827
      }
    },
    {
      "left": {
        "file": "A.ts",
        "name": "invoiceTotal",
        "start": 1,
        "end": 7,
        "nodes": 46
      },
      "right": {
        "file": "C.ts",
        "name": "reducedInvoiceTotal",
        "start": 9,
        "end": 16,
        "nodes": 57
      },
      "erased": {
        "set": 0.2549019607843137,
        "multiset": 0.410958904109589,
        "weighted": 0.10392156862745099
      },
      "preserved": {
        "set": 0.2962962962962963,
        "multiset": 0.410958904109589,
        "weighted": 0.10392156862745099
      }
    },
    {
      "left": {
        "file": "A.ts",
        "name": "cartTotal",
        "start": 9,
        "end": 15,
        "nodes": 46
      },
      "right": {
        "file": "C.ts",
        "name": "reducedInvoiceTotal",
        "start": 9,
        "end": 16,
        "nodes": 57
      },
      "erased": {
        "set": 0.2549019607843137,
        "multiset": 0.410958904109589,
        "weighted": 0.10392156862745099
      },
      "preserved": {
        "set": 0.2962962962962963,
        "multiset": 0.410958904109589,
        "weighted": 0.10392156862745099
      }
    },
    {
      "left": {
        "file": "B.ts",
        "name": "invoiceTotal",
        "start": 1,
        "end": 7,
        "nodes": 46
      },
      "right": {
        "file": "C.ts",
        "name": "reducedInvoiceTotal",
        "start": 9,
        "end": 16,
        "nodes": 57
      },
      "erased": {
        "set": 0.2549019607843137,
        "multiset": 0.410958904109589,
        "weighted": 0.10392156862745099
      },
      "preserved": {
        "set": 0.2962962962962963,
        "multiset": 0.410958904109589,
        "weighted": 0.10392156862745099
      }
    },
    {
      "left": {
        "file": "C.ts",
        "name": "invoiceTotal",
        "start": 1,
        "end": 7,
        "nodes": 46
      },
      "right": {
        "file": "C.ts",
        "name": "reducedInvoiceTotal",
        "start": 9,
        "end": 16,
        "nodes": 57
      },
      "erased": {
        "set": 0.2549019607843137,
        "multiset": 0.410958904109589,
        "weighted": 0.10392156862745099
      },
      "preserved": {
        "set": 0.2962962962962963,
        "multiset": 0.410958904109589,
        "weighted": 0.10392156862745099
      }
    },
    {
      "left": {
        "file": "B.ts",
        "name": "checkedInvoiceTotal",
        "start": 9,
        "end": 17,
        "nodes": 59
      },
      "right": {
        "file": "C.ts",
        "name": "reducedInvoiceTotal",
        "start": 9,
        "end": 16,
        "nodes": 57
      },
      "erased": {
        "set": 0.2542372881355932,
        "multiset": 0.43209876543209874,
        "weighted": 0.10854092526690391
      },
      "preserved": {
        "set": 0.2903225806451613,
        "multiset": 0.43209876543209874,
        "weighted": 0.10854092526690391
      }
    },
    {
      "left": {
        "file": "D.ts",
        "name": "outstandingBalance",
        "start": 1,
        "end": 5,
        "nodes": 38
      },
      "right": {
        "file": "D.ts",
        "name": "remainingBattery",
        "start": 7,
        "end": 11,
        "nodes": 38
      },
      "erased": {
        "set": 1,
        "multiset": 1,
        "weighted": 1
      },
      "preserved": {
        "set": 0.2727272727272727,
        "multiset": 0.4074074074074074,
        "weighted": 0.11239193083573487
      }
    },
    {
      "left": {
        "file": "A.ts",
        "name": "invoiceTotal",
        "start": 1,
        "end": 7,
        "nodes": 46
      },
      "right": {
        "file": "F.ts",
        "name": "summarizeOrders",
        "start": 1,
        "end": 45,
        "nodes": 226
      },
      "erased": {
        "set": 0.18867924528301888,
        "multiset": 0.15254237288135594,
        "weighted": 0.04012158054711246
      },
      "preserved": {
        "set": 0.17424242424242425,
        "multiset": 0.15254237288135594,
        "weighted": 0.04012158054711246
      }
    },
    {
      "left": {
        "file": "A.ts",
        "name": "cartTotal",
        "start": 9,
        "end": 15,
        "nodes": 46
      },
      "right": {
        "file": "F.ts",
        "name": "summarizeOrders",
        "start": 1,
        "end": 45,
        "nodes": 226
      },
      "erased": {
        "set": 0.18867924528301888,
        "multiset": 0.15254237288135594,
        "weighted": 0.04012158054711246
      },
      "preserved": {
        "set": 0.17424242424242425,
        "multiset": 0.15254237288135594,
        "weighted": 0.04012158054711246
      }
    },
    {
      "left": {
        "file": "B.ts",
        "name": "invoiceTotal",
        "start": 1,
        "end": 7,
        "nodes": 46
      },
      "right": {
        "file": "F.ts",
        "name": "summarizeOrders",
        "start": 1,
        "end": 45,
        "nodes": 226
      },
      "erased": {
        "set": 0.18867924528301888,
        "multiset": 0.15254237288135594,
        "weighted": 0.04012158054711246
      },
      "preserved": {
        "set": 0.17424242424242425,
        "multiset": 0.15254237288135594,
        "weighted": 0.04012158054711246
      }
    },
    {
      "left": {
        "file": "C.ts",
        "name": "invoiceTotal",
        "start": 1,
        "end": 7,
        "nodes": 46
      },
      "right": {
        "file": "F.ts",
        "name": "summarizeOrders",
        "start": 1,
        "end": 45,
        "nodes": 226
      },
      "erased": {
        "set": 0.18867924528301888,
        "multiset": 0.15254237288135594,
        "weighted": 0.04012158054711246
      },
      "preserved": {
        "set": 0.17424242424242425,
        "multiset": 0.15254237288135594,
        "weighted": 0.04012158054711246
      }
    },
    {
      "left": {
        "file": "A.ts",
        "name": "invoiceTotal",
        "start": 1,
        "end": 7,
        "nodes": 46
      },
      "right": {
        "file": "F.ts",
        "name": "summarizeCopiedOrders",
        "start": 47,
        "end": 91,
        "nodes": 231
      },
      "erased": {
        "set": 0.18518518518518517,
        "multiset": 0.14937759336099585,
        "weighted": 0.039192399049881234
      },
      "preserved": {
        "set": 0.16911764705882354,
        "multiset": 0.14937759336099585,
        "weighted": 0.039192399049881234
      }
    },
    {
      "left": {
        "file": "A.ts",
        "name": "cartTotal",
        "start": 9,
        "end": 15,
        "nodes": 46
      },
      "right": {
        "file": "F.ts",
        "name": "summarizeCopiedOrders",
        "start": 47,
        "end": 91,
        "nodes": 231
      },
      "erased": {
        "set": 0.18518518518518517,
        "multiset": 0.14937759336099585,
        "weighted": 0.039192399049881234
      },
      "preserved": {
        "set": 0.16911764705882354,
        "multiset": 0.14937759336099585,
        "weighted": 0.039192399049881234
      }
    },
    {
      "left": {
        "file": "B.ts",
        "name": "invoiceTotal",
        "start": 1,
        "end": 7,
        "nodes": 46
      },
      "right": {
        "file": "F.ts",
        "name": "summarizeCopiedOrders",
        "start": 47,
        "end": 91,
        "nodes": 231
      },
      "erased": {
        "set": 0.18518518518518517,
        "multiset": 0.14937759336099585,
        "weighted": 0.039192399049881234
      },
      "preserved": {
        "set": 0.16911764705882354,
        "multiset": 0.14937759336099585,
        "weighted": 0.039192399049881234
      }
    },
    {
      "left": {
        "file": "C.ts",
        "name": "invoiceTotal",
        "start": 1,
        "end": 7,
        "nodes": 46
      },
      "right": {
        "file": "F.ts",
        "name": "summarizeCopiedOrders",
        "start": 47,
        "end": 91,
        "nodes": 231
      },
      "erased": {
        "set": 0.18518518518518517,
        "multiset": 0.14937759336099585,
        "weighted": 0.039192399049881234
      },
      "preserved": {
        "set": 0.16911764705882354,
        "multiset": 0.14937759336099585,
        "weighted": 0.039192399049881234
      }
    },
    {
      "left": {
        "file": "B.ts",
        "name": "checkedInvoiceTotal",
        "start": 9,
        "end": 17,
        "nodes": 59
      },
      "right": {
        "file": "F.ts",
        "name": "summarizeOrders",
        "start": 1,
        "end": 45,
        "nodes": 226
      },
      "erased": {
        "set": 0.1724137931034483,
        "multiset": 0.15853658536585366,
        "weighted": 0.04054054054054054
      },
      "preserved": {
        "set": 0.1619718309859155,
        "multiset": 0.15853658536585366,
        "weighted": 0.04054054054054054
      }
    },
    {
      "left": {
        "file": "B.ts",
        "name": "checkedInvoiceTotal",
        "start": 9,
        "end": 17,
        "nodes": 59
      },
      "right": {
        "file": "F.ts",
        "name": "summarizeCopiedOrders",
        "start": 47,
        "end": 91,
        "nodes": 231
      },
      "erased": {
        "set": 0.1694915254237288,
        "multiset": 0.1553784860557769,
        "weighted": 0.03963239517518667
      },
      "preserved": {
        "set": 0.15753424657534246,
        "multiset": 0.1553784860557769,
        "weighted": 0.03963239517518667
      }
    },
    {
      "left": {
        "file": "A.ts",
        "name": "invoiceTotal",
        "start": 1,
        "end": 7,
        "nodes": 46
      },
      "right": {
        "file": "D.ts",
        "name": "outstandingBalance",
        "start": 1,
        "end": 5,
        "nodes": 38
      },
      "erased": {
        "set": 0.20930232558139536,
        "multiset": 0.3770491803278688,
        "weighted": 0.07672634271099744
      },
      "preserved": {
        "set": 0.15384615384615385,
        "multiset": 0.2727272727272727,
        "weighted": 0.0525
      }
    },
    {
      "left": {
        "file": "A.ts",
        "name": "invoiceTotal",
        "start": 1,
        "end": 7,
        "nodes": 46
      },
      "right": {
        "file": "D.ts",
        "name": "remainingBattery",
        "start": 7,
        "end": 11,
        "nodes": 38
      },
      "erased": {
        "set": 0.20930232558139536,
        "multiset": 0.3770491803278688,
        "weighted": 0.07672634271099744
      },
      "preserved": {
        "set": 0.15384615384615385,
        "multiset": 0.2727272727272727,
        "weighted": 0.0525
      }
    },
    {
      "left": {
        "file": "A.ts",
        "name": "cartTotal",
        "start": 9,
        "end": 15,
        "nodes": 46
      },
      "right": {
        "file": "D.ts",
        "name": "outstandingBalance",
        "start": 1,
        "end": 5,
        "nodes": 38
      },
      "erased": {
        "set": 0.20930232558139536,
        "multiset": 0.3770491803278688,
        "weighted": 0.07672634271099744
      },
      "preserved": {
        "set": 0.15384615384615385,
        "multiset": 0.2727272727272727,
        "weighted": 0.0525
      }
    },
    {
      "left": {
        "file": "A.ts",
        "name": "cartTotal",
        "start": 9,
        "end": 15,
        "nodes": 46
      },
      "right": {
        "file": "D.ts",
        "name": "remainingBattery",
        "start": 7,
        "end": 11,
        "nodes": 38
      },
      "erased": {
        "set": 0.20930232558139536,
        "multiset": 0.3770491803278688,
        "weighted": 0.07672634271099744
      },
      "preserved": {
        "set": 0.15384615384615385,
        "multiset": 0.2727272727272727,
        "weighted": 0.0525
      }
    },
    {
      "left": {
        "file": "B.ts",
        "name": "invoiceTotal",
        "start": 1,
        "end": 7,
        "nodes": 46
      },
      "right": {
        "file": "D.ts",
        "name": "outstandingBalance",
        "start": 1,
        "end": 5,
        "nodes": 38
      },
      "erased": {
        "set": 0.20930232558139536,
        "multiset": 0.3770491803278688,
        "weighted": 0.07672634271099744
      },
      "preserved": {
        "set": 0.15384615384615385,
        "multiset": 0.2727272727272727,
        "weighted": 0.0525
      }
    },
    {
      "left": {
        "file": "B.ts",
        "name": "invoiceTotal",
        "start": 1,
        "end": 7,
        "nodes": 46
      },
      "right": {
        "file": "D.ts",
        "name": "remainingBattery",
        "start": 7,
        "end": 11,
        "nodes": 38
      },
      "erased": {
        "set": 0.20930232558139536,
        "multiset": 0.3770491803278688,
        "weighted": 0.07672634271099744
      },
      "preserved": {
        "set": 0.15384615384615385,
        "multiset": 0.2727272727272727,
        "weighted": 0.0525
      }
    },
    {
      "left": {
        "file": "C.ts",
        "name": "invoiceTotal",
        "start": 1,
        "end": 7,
        "nodes": 46
      },
      "right": {
        "file": "D.ts",
        "name": "outstandingBalance",
        "start": 1,
        "end": 5,
        "nodes": 38
      },
      "erased": {
        "set": 0.20930232558139536,
        "multiset": 0.3770491803278688,
        "weighted": 0.07672634271099744
      },
      "preserved": {
        "set": 0.15384615384615385,
        "multiset": 0.2727272727272727,
        "weighted": 0.0525
      }
    },
    {
      "left": {
        "file": "C.ts",
        "name": "invoiceTotal",
        "start": 1,
        "end": 7,
        "nodes": 46
      },
      "right": {
        "file": "D.ts",
        "name": "remainingBattery",
        "start": 7,
        "end": 11,
        "nodes": 38
      },
      "erased": {
        "set": 0.20930232558139536,
        "multiset": 0.3770491803278688,
        "weighted": 0.07672634271099744
      },
      "preserved": {
        "set": 0.15384615384615385,
        "multiset": 0.2727272727272727,
        "weighted": 0.0525
      }
    },
    {
      "left": {
        "file": "B.ts",
        "name": "checkedInvoiceTotal",
        "start": 9,
        "end": 17,
        "nodes": 59
      },
      "right": {
        "file": "D.ts",
        "name": "outstandingBalance",
        "start": 1,
        "end": 5,
        "nodes": 38
      },
      "erased": {
        "set": 0.16981132075471697,
        "multiset": 0.3108108108108108,
        "weighted": 0.06651884700665188
      },
      "preserved": {
        "set": 0.12903225806451613,
        "multiset": 0.22784810126582278,
        "weighted": 0.04565217391304348
      }
    },
    {
      "left": {
        "file": "B.ts",
        "name": "checkedInvoiceTotal",
        "start": 9,
        "end": 17,
        "nodes": 59
      },
      "right": {
        "file": "D.ts",
        "name": "remainingBattery",
        "start": 7,
        "end": 11,
        "nodes": 38
      },
      "erased": {
        "set": 0.16981132075471697,
        "multiset": 0.3108108108108108,
        "weighted": 0.06651884700665188
      },
      "preserved": {
        "set": 0.12903225806451613,
        "multiset": 0.22784810126582278,
        "weighted": 0.04565217391304348
      }
    },
    {
      "left": {
        "file": "C.ts",
        "name": "reducedInvoiceTotal",
        "start": 9,
        "end": 16,
        "nodes": 57
      },
      "right": {
        "file": "D.ts",
        "name": "outstandingBalance",
        "start": 1,
        "end": 5,
        "nodes": 38
      },
      "erased": {
        "set": 0.16,
        "multiset": 0.3013698630136986,
        "weighted": 0.05389221556886228
      },
      "preserved": {
        "set": 0.11864406779661017,
        "multiset": 0.21794871794871795,
        "weighted": 0.03529411764705882
      }
    },
    {
      "left": {
        "file": "C.ts",
        "name": "reducedInvoiceTotal",
        "start": 9,
        "end": 16,
        "nodes": 57
      },
      "right": {
        "file": "D.ts",
        "name": "remainingBattery",
        "start": 7,
        "end": 11,
        "nodes": 38
      },
      "erased": {
        "set": 0.16,
        "multiset": 0.3013698630136986,
        "weighted": 0.05389221556886228
      },
      "preserved": {
        "set": 0.11864406779661017,
        "multiset": 0.21794871794871795,
        "weighted": 0.03529411764705882
      }
    },
    {
      "left": {
        "file": "C.ts",
        "name": "reducedInvoiceTotal",
        "start": 9,
        "end": 16,
        "nodes": 57
      },
      "right": {
        "file": "F.ts",
        "name": "summarizeOrders",
        "start": 1,
        "end": 45,
        "nodes": 226
      },
      "erased": {
        "set": 0.1092436974789916,
        "multiset": 0.132,
        "weighted": 0.027699265121537593
      },
      "preserved": {
        "set": 0.1103448275862069,
        "multiset": 0.132,
        "weighted": 0.027699265121537593
      }
    },
    {
      "left": {
        "file": "C.ts",
        "name": "reducedInvoiceTotal",
        "start": 9,
        "end": 16,
        "nodes": 57
      },
      "right": {
        "file": "F.ts",
        "name": "summarizeCopiedOrders",
        "start": 47,
        "end": 91,
        "nodes": 231
      },
      "erased": {
        "set": 0.10743801652892562,
        "multiset": 0.12941176470588237,
        "weighted": 0.027101769911504425
      },
      "preserved": {
        "set": 0.10738255033557047,
        "multiset": 0.12941176470588237,
        "weighted": 0.027101769911504425
      }
    },
    {
      "left": {
        "file": "D.ts",
        "name": "outstandingBalance",
        "start": 1,
        "end": 5,
        "nodes": 38
      },
      "right": {
        "file": "E.ts",
        "name": "loadInvoice",
        "start": 1,
        "end": 5,
        "nodes": 36
      },
      "erased": {
        "set": 0.09523809523809523,
        "multiset": 0.27586206896551724,
        "weighted": 0.05970149253731343
      },
      "preserved": {
        "set": 0.08163265306122448,
        "multiset": 0.23333333333333334,
        "weighted": 0.05341246290801187
      }
    },
    {
      "left": {
        "file": "D.ts",
        "name": "outstandingBalance",
        "start": 1,
        "end": 5,
        "nodes": 38
      },
      "right": {
        "file": "E.ts",
        "name": "loadCustomer",
        "start": 7,
        "end": 11,
        "nodes": 36
      },
      "erased": {
        "set": 0.09523809523809523,
        "multiset": 0.27586206896551724,
        "weighted": 0.05970149253731343
      },
      "preserved": {
        "set": 0.08163265306122448,
        "multiset": 0.23333333333333334,
        "weighted": 0.05341246290801187
      }
    },
    {
      "left": {
        "file": "D.ts",
        "name": "remainingBattery",
        "start": 7,
        "end": 11,
        "nodes": 38
      },
      "right": {
        "file": "E.ts",
        "name": "loadInvoice",
        "start": 1,
        "end": 5,
        "nodes": 36
      },
      "erased": {
        "set": 0.09523809523809523,
        "multiset": 0.27586206896551724,
        "weighted": 0.05970149253731343
      },
      "preserved": {
        "set": 0.08163265306122448,
        "multiset": 0.23333333333333334,
        "weighted": 0.05341246290801187
      }
    },
    {
      "left": {
        "file": "D.ts",
        "name": "remainingBattery",
        "start": 7,
        "end": 11,
        "nodes": 38
      },
      "right": {
        "file": "E.ts",
        "name": "loadCustomer",
        "start": 7,
        "end": 11,
        "nodes": 36
      },
      "erased": {
        "set": 0.09523809523809523,
        "multiset": 0.27586206896551724,
        "weighted": 0.05970149253731343
      },
      "preserved": {
        "set": 0.08163265306122448,
        "multiset": 0.23333333333333334,
        "weighted": 0.05341246290801187
      }
    },
    {
      "left": {
        "file": "C.ts",
        "name": "reducedInvoiceTotal",
        "start": 9,
        "end": 16,
        "nodes": 57
      },
      "right": {
        "file": "E.ts",
        "name": "loadInvoice",
        "start": 1,
        "end": 5,
        "nodes": 36
      },
      "erased": {
        "set": 0.07407407407407407,
        "multiset": 0.2077922077922078,
        "weighted": 0.037578288100208766
      },
      "preserved": {
        "set": 0.06779661016949153,
        "multiset": 0.17721518987341772,
        "weighted": 0.033264033264033266
      }
    },
    {
      "left": {
        "file": "C.ts",
        "name": "reducedInvoiceTotal",
        "start": 9,
        "end": 16,
        "nodes": 57
      },
      "right": {
        "file": "E.ts",
        "name": "loadCustomer",
        "start": 7,
        "end": 11,
        "nodes": 36
      },
      "erased": {
        "set": 0.07407407407407407,
        "multiset": 0.2077922077922078,
        "weighted": 0.037578288100208766
      },
      "preserved": {
        "set": 0.06779661016949153,
        "multiset": 0.17721518987341772,
        "weighted": 0.033264033264033266
      }
    },
    {
      "left": {
        "file": "B.ts",
        "name": "checkedInvoiceTotal",
        "start": 9,
        "end": 17,
        "nodes": 59
      },
      "right": {
        "file": "E.ts",
        "name": "loadInvoice",
        "start": 1,
        "end": 5,
        "nodes": 36
      },
      "erased": {
        "set": 0.06896551724137931,
        "multiset": 0.20253164556962025,
        "weighted": 0.03926096997690531
      },
      "preserved": {
        "set": 0.06349206349206349,
        "multiset": 0.1728395061728395,
        "weighted": 0.034482758620689655
      }
    },
    {
      "left": {
        "file": "B.ts",
        "name": "checkedInvoiceTotal",
        "start": 9,
        "end": 17,
        "nodes": 59
      },
      "right": {
        "file": "E.ts",
        "name": "loadCustomer",
        "start": 7,
        "end": 11,
        "nodes": 36
      },
      "erased": {
        "set": 0.06896551724137931,
        "multiset": 0.20253164556962025,
        "weighted": 0.03926096997690531
      },
      "preserved": {
        "set": 0.06349206349206349,
        "multiset": 0.1728395061728395,
        "weighted": 0.034482758620689655
      }
    },
    {
      "left": {
        "file": "D.ts",
        "name": "outstandingBalance",
        "start": 1,
        "end": 5,
        "nodes": 38
      },
      "right": {
        "file": "F.ts",
        "name": "summarizeOrders",
        "start": 1,
        "end": 45,
        "nodes": 226
      },
      "erased": {
        "set": 0.09090909090909091,
        "multiset": 0.10460251046025104,
        "weighted": 0.020706455542021926
      },
      "preserved": {
        "set": 0.06338028169014084,
        "multiset": 0.07755102040816327,
        "weighted": 0.013301088270858524
      }
    },
    {
      "left": {
        "file": "D.ts",
        "name": "remainingBattery",
        "start": 7,
        "end": 11,
        "nodes": 38
      },
      "right": {
        "file": "F.ts",
        "name": "summarizeOrders",
        "start": 1,
        "end": 45,
        "nodes": 226
      },
      "erased": {
        "set": 0.09090909090909091,
        "multiset": 0.10460251046025104,
        "weighted": 0.020706455542021926
      },
      "preserved": {
        "set": 0.06338028169014084,
        "multiset": 0.07755102040816327,
        "weighted": 0.013301088270858524
      }
    },
    {
      "left": {
        "file": "D.ts",
        "name": "outstandingBalance",
        "start": 1,
        "end": 5,
        "nodes": 38
      },
      "right": {
        "file": "F.ts",
        "name": "summarizeCopiedOrders",
        "start": 47,
        "end": 91,
        "nodes": 231
      },
      "erased": {
        "set": 0.08928571428571429,
        "multiset": 0.10245901639344263,
        "weighted": 0.020226055919095775
      },
      "preserved": {
        "set": 0.06164383561643835,
        "multiset": 0.076,
        "weighted": 0.01299468399291199
      }
    },
    {
      "left": {
        "file": "D.ts",
        "name": "remainingBattery",
        "start": 7,
        "end": 11,
        "nodes": 38
      },
      "right": {
        "file": "F.ts",
        "name": "summarizeCopiedOrders",
        "start": 47,
        "end": 91,
        "nodes": 231
      },
      "erased": {
        "set": 0.08928571428571429,
        "multiset": 0.10245901639344263,
        "weighted": 0.020226055919095775
      },
      "preserved": {
        "set": 0.06164383561643835,
        "multiset": 0.076,
        "weighted": 0.01299468399291199
      }
    },
    {
      "left": {
        "file": "A.ts",
        "name": "invoiceTotal",
        "start": 1,
        "end": 7,
        "nodes": 46
      },
      "right": {
        "file": "E.ts",
        "name": "loadInvoice",
        "start": 1,
        "end": 5,
        "nodes": 36
      },
      "erased": {
        "set": 0.061224489795918366,
        "multiset": 0.22388059701492538,
        "weighted": 0.0427807486631016
      },
      "preserved": {
        "set": 0.05555555555555555,
        "multiset": 0.18840579710144928,
        "weighted": 0.03723404255319149
      }
    },
    {
      "left": {
        "file": "A.ts",
        "name": "invoiceTotal",
        "start": 1,
        "end": 7,
        "nodes": 46
      },
      "right": {
        "file": "E.ts",
        "name": "loadCustomer",
        "start": 7,
        "end": 11,
        "nodes": 36
      },
      "erased": {
        "set": 0.061224489795918366,
        "multiset": 0.22388059701492538,
        "weighted": 0.0427807486631016
      },
      "preserved": {
        "set": 0.05555555555555555,
        "multiset": 0.18840579710144928,
        "weighted": 0.03723404255319149
      }
    },
    {
      "left": {
        "file": "A.ts",
        "name": "cartTotal",
        "start": 9,
        "end": 15,
        "nodes": 46
      },
      "right": {
        "file": "E.ts",
        "name": "loadInvoice",
        "start": 1,
        "end": 5,
        "nodes": 36
      },
      "erased": {
        "set": 0.061224489795918366,
        "multiset": 0.22388059701492538,
        "weighted": 0.0427807486631016
      },
      "preserved": {
        "set": 0.05555555555555555,
        "multiset": 0.18840579710144928,
        "weighted": 0.03723404255319149
      }
    },
    {
      "left": {
        "file": "A.ts",
        "name": "cartTotal",
        "start": 9,
        "end": 15,
        "nodes": 46
      },
      "right": {
        "file": "E.ts",
        "name": "loadCustomer",
        "start": 7,
        "end": 11,
        "nodes": 36
      },
      "erased": {
        "set": 0.061224489795918366,
        "multiset": 0.22388059701492538,
        "weighted": 0.0427807486631016
      },
      "preserved": {
        "set": 0.05555555555555555,
        "multiset": 0.18840579710144928,
        "weighted": 0.03723404255319149
      }
    },
    {
      "left": {
        "file": "B.ts",
        "name": "invoiceTotal",
        "start": 1,
        "end": 7,
        "nodes": 46
      },
      "right": {
        "file": "E.ts",
        "name": "loadInvoice",
        "start": 1,
        "end": 5,
        "nodes": 36
      },
      "erased": {
        "set": 0.061224489795918366,
        "multiset": 0.22388059701492538,
        "weighted": 0.0427807486631016
      },
      "preserved": {
        "set": 0.05555555555555555,
        "multiset": 0.18840579710144928,
        "weighted": 0.03723404255319149
      }
    },
    {
      "left": {
        "file": "B.ts",
        "name": "invoiceTotal",
        "start": 1,
        "end": 7,
        "nodes": 46
      },
      "right": {
        "file": "E.ts",
        "name": "loadCustomer",
        "start": 7,
        "end": 11,
        "nodes": 36
      },
      "erased": {
        "set": 0.061224489795918366,
        "multiset": 0.22388059701492538,
        "weighted": 0.0427807486631016
      },
      "preserved": {
        "set": 0.05555555555555555,
        "multiset": 0.18840579710144928,
        "weighted": 0.03723404255319149
      }
    },
    {
      "left": {
        "file": "C.ts",
        "name": "invoiceTotal",
        "start": 1,
        "end": 7,
        "nodes": 46
      },
      "right": {
        "file": "E.ts",
        "name": "loadInvoice",
        "start": 1,
        "end": 5,
        "nodes": 36
      },
      "erased": {
        "set": 0.061224489795918366,
        "multiset": 0.22388059701492538,
        "weighted": 0.0427807486631016
      },
      "preserved": {
        "set": 0.05555555555555555,
        "multiset": 0.18840579710144928,
        "weighted": 0.03723404255319149
      }
    },
    {
      "left": {
        "file": "C.ts",
        "name": "invoiceTotal",
        "start": 1,
        "end": 7,
        "nodes": 46
      },
      "right": {
        "file": "E.ts",
        "name": "loadCustomer",
        "start": 7,
        "end": 11,
        "nodes": 36
      },
      "erased": {
        "set": 0.061224489795918366,
        "multiset": 0.22388059701492538,
        "weighted": 0.0427807486631016
      },
      "preserved": {
        "set": 0.05555555555555555,
        "multiset": 0.18840579710144928,
        "weighted": 0.03723404255319149
      }
    },
    {
      "left": {
        "file": "E.ts",
        "name": "loadInvoice",
        "start": 1,
        "end": 5,
        "nodes": 36
      },
      "right": {
        "file": "F.ts",
        "name": "summarizeOrders",
        "start": 1,
        "end": 45,
        "nodes": 226
      },
      "erased": {
        "set": 0.043478260869565216,
        "multiset": 0.07377049180327869,
        "weighted": 0.01293103448275862
      },
      "preserved": {
        "set": 0.03496503496503497,
        "multiset": 0.06504065040650407,
        "weighted": 0.011063306699446834
      }
    },
    {
      "left": {
        "file": "E.ts",
        "name": "loadCustomer",
        "start": 7,
        "end": 11,
        "nodes": 36
      },
      "right": {
        "file": "F.ts",
        "name": "summarizeOrders",
        "start": 1,
        "end": 45,
        "nodes": 226
      },
      "erased": {
        "set": 0.043478260869565216,
        "multiset": 0.07377049180327869,
        "weighted": 0.01293103448275862
      },
      "preserved": {
        "set": 0.03496503496503497,
        "multiset": 0.06504065040650407,
        "weighted": 0.011063306699446834
      }
    },
    {
      "left": {
        "file": "E.ts",
        "name": "loadInvoice",
        "start": 1,
        "end": 5,
        "nodes": 36
      },
      "right": {
        "file": "F.ts",
        "name": "summarizeCopiedOrders",
        "start": 47,
        "end": 91,
        "nodes": 231
      },
      "erased": {
        "set": 0.042735042735042736,
        "multiset": 0.07228915662650602,
        "weighted": 0.012627781118460614
      },
      "preserved": {
        "set": 0.034013605442176874,
        "multiset": 0.06374501992031872,
        "weighted": 0.010804321728691477
      }
    },
    {
      "left": {
        "file": "E.ts",
        "name": "loadCustomer",
        "start": 7,
        "end": 11,
        "nodes": 36
      },
      "right": {
        "file": "F.ts",
        "name": "summarizeCopiedOrders",
        "start": 47,
        "end": 91,
        "nodes": 231
      },
      "erased": {
        "set": 0.042735042735042736,
        "multiset": 0.07228915662650602,
        "weighted": 0.012627781118460614
      },
      "preserved": {
        "set": 0.034013605442176874,
        "multiset": 0.06374501992031872,
        "weighted": 0.010804321728691477
      }
    }
  ],
  "sensitivity": [
    {
      "threshold": 0.7,
      "erasedSet": 9,
      "preservedSet": 8,
      "preservedMultiset": 12,
      "preservedWeighted": 7
    },
    {
      "threshold": 0.75,
      "erasedSet": 9,
      "preservedSet": 7,
      "preservedMultiset": 8,
      "preservedWeighted": 7
    },
    {
      "threshold": 0.8,
      "erasedSet": 9,
      "preservedSet": 7,
      "preservedMultiset": 8,
      "preservedWeighted": 7
    },
    {
      "threshold": 0.82,
      "erasedSet": 9,
      "preservedSet": 7,
      "preservedMultiset": 8,
      "preservedWeighted": 7
    },
    {
      "threshold": 0.85,
      "erasedSet": 9,
      "preservedSet": 7,
      "preservedMultiset": 7,
      "preservedWeighted": 7
    },
    {
      "threshold": 0.9,
      "erasedSet": 8,
      "preservedSet": 7,
      "preservedMultiset": 7,
      "preservedWeighted": 7
    },
    {
      "threshold": 0.95,
      "erasedSet": 8,
      "preservedSet": 7,
      "preservedMultiset": 7,
      "preservedWeighted": 7
    }
  ]
}
