{
  "status": "incomplete",
  "upstream_revision": "6892667b3441b88379bc8d0439fc2152b0fdb341",
  "config": {
    "min_lines": 4,
    "min_nodes": 20,
    "threshold": 0.82,
    "weighted": "subtree node count times occurrence count"
  },
  "diagnostics": [
    {
      "file": "bad.ts",
      "errors": [
        {
          "type": "ERROR",
          "start_line": 1,
          "end_line": 1,
          "missing": false
        }
      ],
      "message": "tree-sitter parse incomplete"
    }
  ],
  "parse_observations": [
    {
      "file": "bad.ts",
      "has_error": true,
      "errors": [
        {
          "type": "ERROR",
          "start_line": 1,
          "end_line": 1,
          "missing": false
        }
      ],
      "upstream_warning": null,
      "upstream_entries": 0
    }
  ],
  "entries": [],
  "excluded": [],
  "pairs": [],
  "sensitivity": [
    {
      "threshold": 0.7,
      "set": 0,
      "multiset": 0,
      "weighted": 0
    },
    {
      "threshold": 0.75,
      "set": 0,
      "multiset": 0,
      "weighted": 0
    },
    {
      "threshold": 0.8,
      "set": 0,
      "multiset": 0,
      "weighted": 0
    },
    {
      "threshold": 0.82,
      "set": 0,
      "multiset": 0,
      "weighted": 0
    },
    {
      "threshold": 0.85,
      "set": 0,
      "multiset": 0,
      "weighted": 0
    },
    {
      "threshold": 0.9,
      "set": 0,
      "multiset": 0,
      "weighted": 0
    },
    {
      "threshold": 0.95,
      "set": 0,
      "multiset": 0,
      "weighted": 0
    }
  ]
}
