Traceback (most recent call last):
  File "/home/dev/.local/share/uv/python/cpython-3.12.14-linux-x86_64-gnu/lib/python3.12/importlib/metadata/__init__.py", line 397, in from_name
    return next(cls.discover(name=name))
           ^^^^^^^^^^^^^^^^^^^^^^^^^^^^^
StopIteration

During handling of the above exception, another exception occurred:

Traceback (most recent call last):
  File "/tmp/archguard-quality-research/dryer-worktree/research/code-quality/dryer/upstream_probe.py", line 88, in <module>
    raise SystemExit(main())
                     ^^^^^^
  File "/tmp/archguard-quality-research/dryer-worktree/research/code-quality/dryer/upstream_probe.py", line 19, in main
    if version(package) != expected:
       ^^^^^^^^^^^^^^^^
  File "/home/dev/.local/share/uv/python/cpython-3.12.14-linux-x86_64-gnu/lib/python3.12/importlib/metadata/__init__.py", line 889, in version
    return distribution(distribution_name).version
           ^^^^^^^^^^^^^^^^^^^^^^^^^^^^^^^
  File "/home/dev/.local/share/uv/python/cpython-3.12.14-linux-x86_64-gnu/lib/python3.12/importlib/metadata/__init__.py", line 862, in distribution
    return Distribution.from_name(distribution_name)
           ^^^^^^^^^^^^^^^^^^^^^^^^^^^^^^^^^^^^^^^^^
  File "/home/dev/.local/share/uv/python/cpython-3.12.14-linux-x86_64-gnu/lib/python3.12/importlib/metadata/__init__.py", line 399, in from_name
    raise PackageNotFoundError(name)
importlib.metadata.PackageNotFoundError: No package metadata was found for tree-sitter
